   Compiling proc-macro2 v1.0.107
   Compiling quote v1.0.47
   Compiling unicode-ident v1.0.24
   Compiling libc v0.2.189
   Compiling cfg-if v1.0.4
   Compiling serde_core v1.0.229
   Compiling shlex v2.0.1
   Compiling find-msvc-tools v0.1.12
   Compiling memchr v2.8.3
   Compiling itoa v1.0.18
   Compiling serde v1.0.229
   Compiling cc v1.4.5
   Compiling scopeguard v1.2.0
   Compiling parking_lot_core v0.9.12
   Compiling lock_api v0.4.14
   Compiling writeable v0.6.4
   Compiling litemap v0.8.3
   Compiling equivalent v1.0.2
   Compiling bytes v1.12.1
   Compiling utf8_iter v1.0.4
   Compiling icu_normalizer_data v2.3.0
   Compiling icu_properties_data v2.3.0
   Compiling zmij v1.0.23
   Compiling log v0.4.34
   Compiling smallvec v1.16.0
   Compiling http v1.5.0
   Compiling version_check v0.9.5
   Compiling siphasher v1.0.3
   Compiling thiserror v2.0.20
   Compiling syn v2.0.119
   Compiling syn v3.0.5
   Compiling fnv v1.0.7
   Compiling phf_shared v0.13.1
   Compiling autocfg v1.5.1
   Compiling unicode-segmentation v1.13.3
   Compiling fastrand v2.5.0
   Compiling time-core v0.1.9
   Compiling phf_generator v0.13.1
   Compiling num-conv v0.2.2
   Compiling stable_deref_trait v1.2.1
   Compiling convert_case v0.10.0
   Compiling unicode-xid v0.2.6
   Compiling pin-project-lite v0.2.17
   Compiling powerfmt v0.2.0
   Compiling portable-atomic v1.15.0
   Compiling generic-array v0.14.7
   Compiling objc2-exception-helper v0.1.1
   Compiling winnow v1.0.4
   Compiling rand_core v0.10.1
   Compiling bitflags v2.13.1
   Compiling semver v1.0.28
   Compiling objc2 v0.6.4
   Compiling critical-section v1.2.0
   Compiling errno v0.3.14
   Compiling objc2-encode v4.1.0
   Compiling toml_datetime v1.1.1+spec-1.1.0
   Compiling quick-xml v0.42.0
   Compiling aho-corasick v1.1.5
   Compiling base64 v0.23.1
   Compiling byteorder v1.5.0
   Compiling toml_parser v1.1.3+spec-1.1.0
   Compiling hashbrown v0.17.1
   Compiling regex-syntax v0.8.11
   Compiling typenum v1.20.1
   Compiling phf_codegen v0.13.1
   Compiling serde_json v1.0.151
   Compiling indexmap v2.14.2
   Compiling toml_writer v1.1.2+spec-1.1.0
   Compiling typeid v1.0.3
   Compiling strsim v0.11.1
   Compiling ident_case v1.0.1
   Compiling signal-hook-registry v1.4.8
   Compiling synstructure v0.13.2
   Compiling darling_core v0.23.0
   Compiling rustc_version v0.4.1
   Compiling socket2 v0.6.5
   Compiling rustc-hash v2.1.3
   Compiling block2 v0.6.2
   Compiling erased-serde v0.4.10
   Compiling dispatch2 v0.3.1
   Compiling new_debug_unreachable v1.0.6
   Compiling unic-common v0.9.0
   Compiling thiserror v1.0.69
   Compiling unic-char-range v0.9.0
   Compiling unic-ucd-version v0.9.0
   Compiling unic-char-property v0.9.0
   Compiling objc2-core-foundation v0.3.2
   Compiling parking_lot v0.12.5
   Compiling string_cache_codegen v0.6.1
   Compiling serde_derive v1.0.229
   Compiling zerovec-derive v0.11.6
   Compiling displaydoc v0.2.7
   Compiling thiserror-impl v2.0.20
   Compiling zerofrom-derive v0.1.7
   Compiling yoke-derive v0.8.2
   Compiling derive_more-impl v2.1.1
   Compiling phf_macros v0.13.1
   Compiling zeroize_derive v1.5.0
   Compiling darling_macro v0.23.0
   Compiling thiserror-impl v1.0.69
   Compiling mio v1.2.3
   Compiling zeroize v1.9.0
   Compiling phf v0.13.1
   Compiling zerofrom v0.1.8
   Compiling darling v0.23.0
   Compiling foldhash v0.2.0
   Compiling precomputed-hash v0.1.1
   Compiling futures-core v0.3.34
   Compiling getrandom v0.4.3
   Compiling alloc-no-stdlib v2.0.4
   Compiling allocator-api2 v0.2.21
   Compiling alloc-stdlib v0.2.4
   Compiling serde_with_macros v3.22.0
   Compiling yoke v0.8.3
   Compiling web_atoms v0.2.6
   Compiling tokio-macros v2.7.2
   Compiling unic-ucd-ident v0.9.0
   Compiling zerovec v0.11.8
   Compiling zerotrie v0.2.5
   Compiling serde_spanned v1.1.1
   Compiling anyhow v1.0.104
   Compiling string_cache v0.9.0
   Compiling tokio v1.53.1
   Compiling brotli-decompressor v5.0.3
   Compiling percent-encoding v2.3.2
   Compiling dtoa v1.0.11
   Compiling once_cell v1.21.4
   Compiling subtle v2.6.1
   Compiling ctor-proc-macro v0.0.7
   Compiling dyn-clone v1.0.20
   Compiling same-file v1.0.6
   Compiling dunce v1.0.5
   Compiling tinystr v0.8.4
   Compiling potential_utf v0.1.6
   Compiling ctor v0.8.0
   Compiling walkdir v2.5.0
   Compiling brotli v8.0.4
   Compiling icu_locale_core v2.3.0
   Compiling icu_collections v2.3.0
   Compiling dtoa-short v0.3.5
   Compiling form_urlencoded v1.2.2
   Compiling uuid v1.26.0
   Compiling cssparser-macros v0.6.1
   Compiling tendril v0.5.1
   Compiling selectors v0.36.1
   Compiling indexmap v1.9.3
   Compiling camino v1.2.5
   Compiling core-foundation-sys v0.8.7
   Compiling glob v0.3.4
   Compiling icu_provider v2.3.1
   Compiling icu_normalizer v2.3.0
   Compiling icu_properties v2.3.0
   Compiling cssparser v0.36.0
   Compiling markup5ever v0.38.0
   Compiling swift-rs v1.0.8
   Compiling toml v1.1.5+spec-1.1.0
   Compiling derive_more v2.1.1
   Compiling regex-automata v0.4.18
   Compiling serde_derive_internals v0.29.1
   Compiling servo_arc v0.4.3
   Compiling futures-sink v0.3.34
   Compiling deranged v0.5.8
   Compiling idna_adapter v1.2.2
   Compiling idna v1.1.0
   Compiling schemars v0.8.22
   Compiling hashbrown v0.12.3
   Compiling bit-vec v0.8.0
   Compiling url v2.5.8
   Compiling bit-set v0.8.0
   Compiling schemars_derive v0.8.22
   Compiling time v0.3.55
   Compiling html5ever v0.38.0
   Compiling cfb v0.7.3
   Compiling jsonptr v0.6.3
   Compiling cargo-platform v0.1.9
   Compiling regex v1.13.1
   Compiling base64 v0.21.7
   Compiling heck v0.5.0
   Compiling dom_query v0.27.0
   Compiling urlpattern v0.3.0
   Compiling serde-untagged v0.1.9
   Compiling infer v0.19.0
   Compiling cargo_metadata v0.19.2
   Compiling json-patch v3.0.1
   Compiling plist v1.10.1
   Compiling serde_with v3.22.0
   Compiling futures-io v0.3.34
   Compiling slab v0.4.12
   Compiling futures-channel v0.3.34
   Compiling futures-macro v0.3.34
   Compiling futures-task v0.3.34
   Compiling simd-adler32 v0.3.10
   Compiling tracing-core v0.1.36
   Compiling objc2-foundation v0.3.2
   Compiling getrandom v0.2.17
   Compiling option-ext v0.2.0
   Compiling cfg_aliases v0.2.2
   Compiling crc32fast v1.5.1
   Compiling dirs-sys v0.5.0
   Compiling crypto-common v0.1.7
   Compiling adler2 v2.0.1
   Compiling tracing-attributes v0.1.31
   Compiling cpufeatures v0.2.17
   Compiling ring v0.17.14
   Compiling futures-util v0.3.34
   Compiling miniz_oxide v0.9.1
   Compiling time-macros v0.2.32
   Compiling crossbeam-utils v0.8.23
   Compiling tauri-utils v2.9.3
   Compiling base64 v0.22.1
   Compiling tracing v0.1.44
   Compiling dirs v6.0.0
   Compiling toml_datetime v0.7.5+spec-1.1.0
   Compiling winnow v0.7.15
   Compiling embed-resource v3.0.11
   Compiling objc2-core-graphics v0.3.2
   Compiling objc2-core-text v0.3.2
   Compiling objc2-core-video v0.3.2
   Compiling untrusted v0.9.0
   Compiling tauri-winres v0.3.6
   Compiling core-foundation v0.10.1
   Compiling rustls-pki-types v1.15.1
   Compiling crossbeam-channel v0.5.17
   Compiling ipnet v2.12.2
   Compiling rustls v0.23.45
   Compiling zlib-rs v0.6.7
   Compiling zerocopy v0.8.56
   Compiling toml v0.9.12+spec-1.1.0
   Compiling tokio-util v0.7.19
   Compiling block-padding v0.3.3
   Compiling zerocopy-derive v0.8.56
   Compiling num-traits v0.2.19
   Compiling cargo_toml v0.22.3
   Compiling atomic-waker v1.1.2
   Compiling inout v0.1.4
   Compiling rustls-webpki v0.103.15
   Compiling miniz_oxide v0.8.9
   Compiling fdeflate v0.3.7
   Compiling chacha20 v0.10.2
   Compiling getrandom v0.3.4
   Compiling system-configuration-sys v0.6.0
   Compiling rand v0.10.2
   Compiling cipher v0.4.4
   Compiling h2 v0.4.19
   Compiling httparse v1.10.1
   Compiling core-foundation v0.9.4
   Compiling http-body v1.1.0
   Compiling flate2 v1.1.10
   Compiling raw-window-handle v0.6.2
   Compiling system-configuration v0.7.0
   Compiling universal-hash v0.5.1
   Compiling dpi v0.1.2
   Compiling tauri-plugin v2.6.3
   Compiling tauri-build v2.6.3
   Compiling hybrid-array v0.4.14
   Compiling cookie v0.18.2
   Compiling tower-service v0.3.3
   Compiling base64ct v1.8.3
   Compiling try-lock v0.2.5
   Compiling opaque-debug v0.3.1
   Compiling pem-rfc7468 v1.0.0
   Compiling want v0.3.1
   Compiling tokio-rustls v0.26.5
   Compiling block-buffer v0.10.4
   Compiling n0-error-macros v1.0.1
   Compiling spez v0.1.2
   Compiling foreign-types-macros v0.2.4
   Compiling bitflags v1.3.2
   Compiling httpdate v1.0.3
   Compiling const-oid v0.10.2
   Compiling foreign-types-shared v0.3.1
   Compiling tinyvec_macros v0.1.1
   Compiling der v0.8.2
   Compiling foreign-types v0.5.0
   Compiling tinyvec v1.13.2
   Compiling hyper v1.11.1
   Compiling png v0.17.16
   Compiling n0-error v1.0.1
   Compiling digest v0.10.7
   Compiling crypto-common v0.2.2
   Compiling block-buffer v0.12.1
   Compiling objc2-quartz-core v0.3.2
   Compiling objc2-core-data v0.3.2
   Compiling objc2-core-image v0.3.2
   Compiling objc2-cloud-kit v0.3.2
   Compiling png v0.18.1
   Compiling objc2-app-kit v0.3.2
   Compiling core-graphics-types v0.2.0
   Compiling n0-future v0.3.2
   Compiling pin-project-internal v1.1.13
   Compiling rustversion v1.0.23
   Compiling wry v0.55.1
   Compiling data-encoding v2.11.1
   Compiling parking v2.2.1
   Compiling tauri-runtime v2.11.3
   Compiling diatomic-waker v0.2.3
   Compiling cordyceps v0.3.5
   Compiling spin v0.10.1
   Compiling futures-buffered v0.2.13
   Compiling futures-lite v2.6.1
   Compiling pin-project v1.1.13
   Compiling core-graphics v0.25.0
   Compiling digest v0.11.3
   Compiling sha2 v0.10.9
   Compiling hyper-util v0.1.20
   Compiling tauri v2.11.5
   Compiling ico v0.5.0
   Compiling spki v0.8.0
   Compiling polyval v0.6.2
   Compiling ppv-lite86 v0.2.21
   Compiling aes v0.8.4
   Compiling aead v0.5.2
   Compiling noq-udp v1.2.0
   Compiling curve25519-dalek v5.0.0
   Compiling base16ct v1.0.0
   Compiling crossbeam-epoch v0.9.21
   Compiling tower-layer v0.3.3
   Compiling either v1.18.0
   Compiling tauri-runtime-wry v2.11.4
   Compiling prefix-trie v0.8.4
   Compiling serdect v0.4.3
   Compiling tauri-codegen v2.6.3
   Compiling ghash v0.5.1
   Compiling pkcs8 v0.11.0
   Compiling http-body-util v0.1.5
   Compiling ctr v0.9.2
   Compiling security-framework-sys v2.17.0
   Compiling keyboard-types v0.7.0
   Compiling sync_wrapper v1.0.2
   Compiling serialize-to-javascript-impl v0.1.2
   Compiling toml_edit v0.25.13+spec-1.1.0
   Compiling signature v3.0.0
   Compiling cpufeatures v0.3.1
   Compiling blake3 v1.8.7
   Compiling serialize-to-javascript v0.1.2
   Compiling sha2 v0.11.0
   Compiling proc-macro-crate v3.5.0
   Compiling data-encoding-macro-internal v0.1.19
   Compiling ed25519 v3.0.0
   Compiling security-framework v3.7.0
   Compiling tower v0.5.3
   Compiling tauri-macros v2.6.3
   Compiling aes-gcm v0.10.3
   Compiling hickory-proto v0.26.2
   Compiling objc2-security v0.3.2
   Compiling async-trait v0.1.92
   Compiling serde_repr v0.1.21
   Compiling tagptr v0.2.0
   Compiling netdev v0.46.2
   Compiling arrayvec v0.7.8
   Compiling embed_plist v1.2.2
   Compiling mime v0.3.17
   Compiling constant_time_eq v0.4.2
   Compiling ed25519-dalek v3.0.0
   Compiling moka v0.12.16
   Compiling rustls-platform-verifier v0.7.0
   Compiling objc2-system-configuration v0.3.2
   Compiling tower-http v0.6.11
   Compiling num_enum_derive v0.7.6
   Compiling hickory-net v0.26.2
   Compiling data-encoding-macro v0.1.21
   Compiling hyper-rustls v0.27.9
   Compiling futures-executor v0.3.34
   Compiling iroh-dns v1.1.0
   Compiling netwatch v0.19.3
   Compiling noq v1.2.0
   Compiling rand_core v0.6.4
   Compiling strum_macros v0.28.0
   Compiling iroh-metrics-derive v1.0.1
   Compiling enum-assoc v1.4.1
   Compiling rand_pcg v0.10.2
   Compiling resolv-conf v0.7.6
   Compiling ryu v1.0.23
   Compiling pkg-config v0.3.34
   Compiling identity-hash v0.1.0
   Compiling sorted-index-buffer v0.2.1
   Compiling mac-addr v0.3.0
   Compiling lru-slab v0.1.2
   Compiling rustix v1.1.4
   Compiling xml-rs v0.8.29
   Compiling vcpkg v0.2.15
   Compiling noq-proto v1.2.0
   Compiling iroh-metrics v1.0.1
   Compiling hickory-resolver v0.26.2
   Compiling libsqlite3-sys v0.38.2
   Compiling xmltree v0.10.3
   Compiling strum v0.28.0
   Compiling rand_chacha v0.3.1
   Compiling num_enum v0.7.6
   Compiling iroh-base v1.1.0
   Compiling reqwest v0.13.4
   Compiling futures v0.3.34
   Compiling arc-swap v1.9.2
   Compiling n0-watcher v1.0.0
   Compiling tauri-plugin-fs v2.5.2
   Compiling tokio-stream v0.1.19
   Compiling attohttpc v0.30.1
   Compiling iroh-relay v1.1.0
   Compiling cobs v0.3.0
   Compiling postcard-derive v0.2.2
   Compiling curve25519-dalek v4.1.3
   Compiling simple-dns v0.12.0
   Compiling zune-core v0.5.3
   Compiling bumpalo v3.20.3
   Compiling ref-cast v1.0.27
   Compiling simdutf8 v0.1.5
   Compiling sha1_smol v1.0.1
   Compiling signal-hook v0.4.4
   Compiling tokio-websockets v0.13.3
   Compiling postcard v1.1.3
   Compiling zopfli v0.8.3
   Compiling zune-jpeg v0.5.15
   Compiling igd-next v0.17.1
   Compiling rand v0.8.8
   Compiling poly1305 v0.8.0
   Compiling half v2.7.1
   Compiling chacha20 v0.9.1
   Compiling webpki-roots v1.0.9
   Compiling iroh v1.1.0
   Compiling lru v0.18.4
   Compiling ref-cast-impl v1.0.27
   Compiling snow v0.10.0
   Compiling serde_derive_internals v0.30.0
   Compiling serde_bytes v0.11.19
   Compiling mac-notification-sys v0.6.15
   Compiling seize v0.5.1
   Compiling typed-path v0.12.3
   Compiling weezl v0.1.12
   Compiling quick-error v2.0.1
   Compiling fax v0.2.7
   Compiling pxfm v0.1.30
   Compiling cmov v0.5.4
   Compiling tiff v0.11.3
   Compiling schemars_derive v1.2.2
   Compiling ctutils v0.4.2
   Compiling zip v8.6.0
   Compiling papaya v0.2.5
   Compiling chacha20poly1305 v0.10.1
   Compiling portmapper v0.19.3
   Compiling blake2 v0.10.6
   Compiling moxcms v0.8.1
   Compiling hmac v0.12.1
   Compiling tauri-plugin-notification v2.4.0
   Compiling tauri-plugin-dialog v2.7.3
   Compiling tauri-plugin-clipboard-manager v2.3.3
   Compiling tauri-plugin-shell v2.3.6
   Compiling tauri-plugin-updater v2.11.0
   Compiling rand_core v0.9.5
   Compiling backon v1.6.0
   Compiling cbc v0.1.2
   Compiling iana-time-zone v0.1.65
   Compiling hashlink v0.12.1
   Compiling fs2 v0.4.3
   Compiling os_pipe v1.2.3
   Compiling hex v0.4.3
   Compiling rfd v0.16.0
   Compiling fallible-iterator v0.3.0
   Compiling bytemuck v1.25.2
   Compiling fallible-streaming-iterator v0.1.9
   Compiling byteorder-lite v0.1.0
   Compiling tailsync-protocol v2.3.1 (/private/tmp/tailsync-implementation.BzV6PH/mutation-src/shared/tailsync-protocol)
   Compiling sigchld v0.2.5
   Compiling tailsync-themes v2.3.1 (/private/tmp/tailsync-implementation.BzV6PH/mutation-src/shared/tailsync-themes)
   Compiling rusqlite v0.40.2
   Compiling chrono v0.4.45
   Compiling fernet v0.2.2
   Compiling rand_chacha v0.9.0
   Compiling schemars v1.2.2
   Compiling xattr v1.6.1
   Compiling tailsync-history-classifier v2.3.1 (/private/tmp/tailsync-implementation.BzV6PH/mutation-src/shared/tailsync-history-classifier)
   Compiling directories v6.0.0
   Compiling filetime v0.2.29
   Compiling spin v0.9.9
   Compiling lazy_static v1.5.0
   Compiling image v0.25.10
   Compiling flume v0.12.0
   Compiling sharded-slab v0.1.7
   Compiling tar v0.4.46
   Compiling notify-rust v4.18.0
   Compiling rand v0.9.5
   Compiling shared_child v1.1.2
   Compiling tempfile v3.27.0
   Compiling tailsync v2.3.1 (/private/tmp/tailsync-implementation.BzV6PH/mutation-src/macos/src-tauri)
   Compiling matchers v0.2.0
   Compiling tracing-serde v0.2.0
   Compiling tracing-log v0.2.0
   Compiling socket-pktinfo v0.4.1
   Compiling open v5.4.3
   Compiling if-addrs v0.15.0
   Compiling encoding_rs v0.8.35
   Compiling thread_local v1.1.10
   Compiling minisign-verify v0.2.5
   Compiling nu-ansi-term v0.50.3
   Compiling mdns-sd v0.20.3
   Compiling socket2 v0.5.10
   Compiling objc2-web-kit v0.3.2
   Compiling tao v0.35.3
   Compiling muda v0.19.3
   Compiling window-vibrancy v0.6.0
   Compiling objc2-osa-kit v0.3.2
   Compiling arboard v3.6.1
   Compiling osakit v0.3.1
   Compiling tracing-subscriber v0.3.23
   Compiling tailsync-core v2.3.1 (/private/tmp/tailsync-implementation.BzV6PH/mutation-src/shared/rust-core)
   Compiling tailsync-runtime v2.3.1 (/private/tmp/tailsync-implementation.BzV6PH/mutation-src/shared/tailsync-runtime)
warning: unused import: `history::*`
  --> src/commands.rs:22:9
   |
22 | pub use history::*;
   |         ^^^^^^^^^^
   |
   = note: `#[warn(unused_imports)]` (part of `#[warn(unused)]`) on by default

warning: unused import: `peers::*`
  --> src/commands.rs:23:9
   |
23 | pub use peers::*;
   |         ^^^^^^^^

warning: unused import: `platform::*`
  --> src/commands.rs:24:9
   |
24 | pub use platform::*;
   |         ^^^^^^^^^^^

warning: unused import: `settings::*`
  --> src/commands.rs:25:9
   |
25 | pub use settings::*;
   |         ^^^^^^^^^^^

warning: unused import: `themes::*`
  --> src/commands.rs:27:9
   |
27 | pub use themes::*;
   |         ^^^^^^^^^

warning: `tailsync` (lib test) generated 5 warnings (run `cargo fix --lib -p tailsync --tests` to apply 5 suggestions)
    Finished `test` profile [unoptimized + debuginfo] target(s) in 1m 04s
     Running unittests src/lib.rs (/Users/monet/TailSync/TailSync-remediation/macos/src-tauri/target/debug/deps/tailsync_lib-a553920d99159032)

running 1 test
test api::transport::cancellation_tests::authenticated_long_poll_disconnect_returns_connection_permit ... FAILED

failures:

---- api::transport::cancellation_tests::authenticated_long_poll_disconnect_returns_connection_permit stdout ----

thread 'api::transport::cancellation_tests::authenticated_long_poll_disconnect_returns_connection_permit' (3773311) panicked at src/api/transport.rs:364:14:
disconnect left route waiting for its poll timeout: Elapsed(())
note: run with `RUST_BACKTRACE=1` environment variable to display a backtrace


failures:
    api::transport::cancellation_tests::authenticated_long_poll_disconnect_returns_connection_permit

test result: FAILED. 0 passed; 1 failed; 0 ignored; 0 measured; 113 filtered out; finished in 1.02s

error: test failed, to rerun pass `--lib`
