✔ bump writes all twenty-two version files and is idempotent (33.32325ms)
✔ dry-run records the would-be writes without touching the tree (29.340708ms)
✔ verify passes at the bumped version and fails at the old version (358.101667ms)
✔ verify detects an out-of-sync Cargo.lock (146.247958ms)
✔ verify detects doc drift when a current-version marker lags behind (251.283917ms)
✔ verify rejects a missing doc version marker (286.879958ms)
✔ verify rejects a duplicated doc version marker (396.171791ms)
✔ hashes baseline inputs without exposing their contents (3.717584ms)
✔ records bounded hardware metadata for comparable runs (0.225084ms)
✔ local contract fixtures accept valid samples and reject invalid samples (13.715333ms)
✔ accepts test-support inside dev-dependencies only (2.225333ms)
✔ rejects test-support inside normal dependencies (2.237709ms)
✔ rejects test-support inside build-dependencies (2.48925ms)
✔ rejects test-support inside target-specific normal dependencies (6.27275ms)
✔ rejects multiline test-support activation in normal dependencies (0.724791ms)
✔ rejects production feature forwarding to test-support (3.174958ms)
✔ accepts the inert test-support feature declaration (0.652292ms)
✔ rejects a top-level dotted production activation (0.802042ms)
✔ rejects a symlinked Cargo manifest instead of silently skipping it (1.649458ms)
✔ parseCiJobs collects run commands per job and stops at the block end (3.110833ms)
✔ parseCiJobs reads single-line and block commands identically with LF and CRLF (0.18725ms)
✔ a CRLF workflow still certifies the configured ledger execution steps (17.993959ms)
✔ a well-formed ledger validates clean (10.388167ms)
✔ fixed_gated without a gate is rejected (4.879042ms)
✔ a gate whose test does not exist is rejected (3.641375ms)
✔ a gate pointing at a missing file is rejected (3.008459ms)
✔ an unknown ci_job is rejected (4.176958ms)
✔ a bad status is rejected (4.078583ms)
✔ a required field missing is rejected (2.799209ms)
✔ a manifest id without an entry file is rejected (2.564334ms)
✔ an unknown extra field is rejected (schema additionalProperties) (2.948083ms)
✔ a gate command that does not compile the gate file is rejected (5.855417ms)
✔ a ci_job that runs no covering command is rejected (2.835125ms)
✔ a gate command with no --manifest-path is rejected (3.130084ms)
✔ manifestCovers follows include! from another crate (1.492ms)
✔ declared status counts that drift from the entries are rejected (3.114958ms)
✔ a malformed entry does not cascade into a bogus missing-entry error (4.329916ms)
✔ an integration gate requires its marker to be present in the gate file (4.417375ms)
✔ an integration gate with a present marker and a covering job is accepted (2.96325ms)
✔ a unit gate can be covered by a --package-path (swift) command (8.846584ms)
✔ renderIndex lists every entry (0.314625ms)
✔ a non-executing/ignored-only gate command is rejected: --no-run (4.524833ms)
✔ a non-executing/ignored-only gate command is rejected: -- --list (1.899459ms)
✔ a non-executing/ignored-only gate command is rejected: -- --ignored (4.348583ms)
✔ a closed gate with no CI job is rejected (5.189917ms)
✔ compilation cannot replace execution, even with the right manifest (3.320458ms)
✔ an ordinary/ignored function is not a gate: fn real_gate() {} (3.728167ms)
✔ an ordinary/ignored function is not a gate: #[test] (4.188667ms)
✔ empty registry matches empty deny.toml ignore list (2.530708ms)
✔ registered exception passes and is counted (6.185916ms)
✔ deny.toml entry without a registry entry fails (6.033792ms)
✔ registry entry missing from deny.toml fails (4.303ms)
✔ expired exception fails (1.046625ms)
✔ invalid calendar expiry date fails (0.66225ms)
✔ entries missing required fields fail (5.795083ms)
✔ duplicate registry ids fail (2.970583ms)
✔ duplicate deny.toml ignore ids fail (0.924417ms)
✔ extractDenyIgnoreIds reads multiline ignore arrays (0.736416ms)
✔ collects only production dependencies (2.714334ms)
✔ reports a common package version mismatch (0.40475ms)
✔ reports a feature-only production mismatch with its shortest chain (0.828459ms)
✔ keeps feature union visible without treating it as an identity mismatch (0.187417ms)
✔ does not fail for a target-only package (0.085833ms)
✔ requires structured, reviewable mismatch exceptions (0.27925ms)
✔ requires feature enforcement policy to be explicit (0.054208ms)
✔ documentation-only changes retain the lightweight fact checks (6.323375ms)
✔ site changes run only the site frontend job (0.109083ms)
✔ ledger gates and their executor require execution on both native jobs (0.088041ms)
✔ Windows frontend changes run frontend and contract checks (0.141625ms)
✔ Windows native changes stay on the Windows native path (0.107042ms)
✔ macOS changes stay on the macOS path (0.092375ms)
✔ shared core changes verify both packaged applications (2.239958ms)
✔ shared schema changes also verify the Windows frontend (0.21375ms)
✔ platform scripts verify both platforms and script policies (0.120708ms)
✔ Rust dependency inputs run native, policy, resolution, and advisory jobs (0.193125ms)
✔ platform and shared Rust dependency changes keep advisory checks (0.180042ms)
✔ version-bearing frontend manifests retain consistency checks (0.078083ms)
✔ security policy changes run policy and advisory jobs (0.044ms)
✔ mixed changes union the required jobs (0.038209ms)
✔ cross-area moves union the deleted and added path scopes (0.039041ms)
✔ workflow and planner changes force full verification (0.07275ms)
✔ unknown and empty change sets fail safe to full verification (0.06725ms)
✔ explicit full verification overrides targeted paths (0.042167ms)
✔ records full source identity and hashes release artifacts (8.19925ms)
✔ rejects a build manifest without source identity (1.60425ms)
✔ rejects a build manifest from a different commit (0.757792ms)
✔ generates a static Tauri manifest from signed platform fragments (4.025541ms)
✔ accepts one outer Base64 layer and rejects raw or double-encoded minisign text (0.23ms)
✔ refuses to publish artifacts whose signed fragment version differs from the tag (1.115084ms)
fatal: not a git repository (or any of the parent directories): .git
✔ parses actual Rust and XCTest results; a test listing cannot certify execution (1.786292ms)
✔ does not combine a clippy manifest with an unrelated executing suite (2.980334ms)
✔ accepts a passing test from the executing suite and current source (0.921584ms)
✔ rejects missing, skipped, failed or stale proof: {"tests":[]} (0.623334ms)
✔ rejects missing, skipped, failed or stale proof: {"tests":[{"name":"module::real_gate","status":"skipped"}]} (0.573083ms)
✔ rejects missing, skipped, failed or stale proof: {"tests":[{"name":"module::real_gate","status":"failed"}]} (0.627708ms)
✔ rejects missing, skipped, failed or stale proof: {"exit_code":1} (0.990209ms)
✔ rejects missing, skipped, failed or stale proof: {"source_unchanged":false} (0.672917ms)
✔ rejects missing, skipped, failed or stale proof: {"source":{"sha":"aaaaaaaaaaaaaaaaaaaaaaaaaaaaaaaaaaaaaaaa","fingerprint":"cccccccccccccccccccccccccccccccccccccccccccccccccccccccccccccccc"}} (20.370834ms)
✔ rejects missing, skipped, failed or stale proof: {"source":{"sha":"dddddddddddddddddddddddddddddddddddddddd","fingerprint":"bbbbbbbbbbbbbbbbbbbbbbbbbbbbbbbbbbbbbbbbbbbbbbbbbbbbbbbbbbbbbbbb"}} (1.60475ms)
✔ rejects missing, skipped, failed or stale proof: {"command":"cargo test --locked --manifest-path crates/app/Cargo.toml --no-run"} (0.622417ms)
✔ rejects missing, skipped, failed or stale proof: {"tests":[null]} (0.871292ms)
✔ rejects missing, skipped, failed or stale proof: {"tests":[{"name":"module::real_gate","status":"compiled"}]} (1.201958ms)
✔ successful packaging without the runtime assertion marker is not P0 proof (0.956583ms)
✔ sourceIdentity ignores untracked artifacts but tracks tracked content (226.172917ms)
✔ accepts a tag matching every application manifest (1.321708ms)
✔ rejects a release when any application manifest drifts (0.534834ms)
✔ rejects a release when an extracted shared crate drifts (0.1635ms)
✔ rejects a release when the shared runtime crate drifts (0.137042ms)
✔ classifies stable and prerelease tags without channel ambiguity (0.259042ms)
✔ accepts matching public keys and HTTPS endpoints (2.188541ms)
✔ rejects a client public key that drifts from the trust anchor (0.2765ms)
✔ rejects insecure or inconsistent updater endpoints (0.228875ms)
✔ accepts a complete published updater manifest (2.088292ms)
✔ rejects a manifest that does not match the published version (0.245417ms)
✔ rejects a missing platform artifact (0.098416ms)
✔ rejects a malformed artifact signature (0.075083ms)
ℹ tests 116
ℹ suites 0
ℹ pass 116
ℹ fail 0
ℹ cancelled 0
ℹ skipped 0
ℹ todo 0
ℹ duration_ms 1648.821667
