   Compiling tailsync-core v2.3.1 (/private/tmp/tailsync-follow-up-xkdja33f/src/shared/rust-core)
warning: method `validate_live_payload_references` is never used
   --> shared/rust-core/src/db/lifecycle.rs:646:19
    |
485 | impl HistoryDB {
    | -------------- method in this implementation
...
646 |     pub(super) fn validate_live_payload_references(
    |                   ^^^^^^^^^^^^^^^^^^^^^^^^^^^^^^^^
    |
    = note: `#[warn(dead_code)]` (part of `#[warn(unused)]`) on by default

warning: `tailsync-core` (lib test) generated 1 warning
    Finished `test` profile [unoptimized + debuginfo] target(s) in 11.70s
     Running unittests src/lib.rs (/Users/monet/TailSync/TailSync-remediation/target/debug/deps/tailsync_core-3d980cc06075d47a)

running 1 test
test db::storage::tests::quota_preflight_preserves_rows_when_live_payload_references_are_invalid ... 
thread 'db::storage::tests::quota_preflight_preserves_rows_when_live_payload_references_are_invalid' (4173577) panicked at shared/rust-core/src/db/storage.rs:901:9:
assertion `left == right` failed: quota must stop before deleting rows when unlink is fail-closed
  left: 1
 right: 2
note: run with `RUST_BACKTRACE=1` environment variable to display a backtrace
FAILED

failures:

failures:
    db::storage::tests::quota_preflight_preserves_rows_when_live_payload_references_are_invalid

test result: FAILED. 0 passed; 1 failed; 0 ignored; 0 measured; 492 filtered out; finished in 0.05s

error: test failed, to rerun pass `--lib`
