    Finished `test` profile [unoptimized + debuginfo] target(s) in 0.57s
     Running unittests src/lib.rs (target/debug/deps/tailsync_core-3d980cc06075d47a)

running 489 tests
test crypto::tests::access_errors_do_not_create_or_poison_the_cache ... ok
test crypto::tests::connection_mode_update_does_not_commit_failed_or_invalid_values ... ok
test crypto::tests::connection_mode_update_preserves_concurrent_fields_and_skips_noop_save ... ok
test crypto::tests::corrupt_config_errors_and_preserves_file ... ok
test crypto::tests::corrupt_settings_are_reported_and_preserved ... ok
test crypto::tests::create_race_rereads_the_winning_key ... ok
test crypto::tests::encryption_keys_must_be_exactly_32_bytes ... ok
test crypto::tests::existing_v2_local_selection_is_not_overwritten ... ok
test crypto::tests::failed_create_does_not_cache_the_generated_key ... ok
test crypto::tests::invalid_legacy_theme_values_fall_back_without_failing ... ok
test crypto::tests::key_cache_initializes_only_once_across_threads ... ok
test crypto::tests::legacy_builtin_theme_mapping_is_exact ... ok
test crypto::tests::legacy_config_with_all_old_fields_loads_and_migrates ... ok
test crypto::tests::legacy_custom_theme_falls_back_to_canvas_and_keeps_old_files ... ok
test crypto::tests::legacy_manual_connection_mode_maps_to_lan ... ok
test crypto::tests::legacy_settings_default_to_an_empty_trust_store ... ok
test crypto::tests::legacy_settings_without_connection_mode_default_to_auto ... ok
test crypto::tests::macos_keychain_create_and_read_round_trip_without_cli_or_tty ... ok
test crypto::tests::missing_settings_use_defaults ... ok
test crypto::tests::non_not_found_errors_never_generate_or_create ... ok
test crypto::tests::non_theme_unknown_fields_still_error_and_preserve_config ... ok
test crypto::tests::obsolete_theme_fields_are_rejected ... ok
test crypto::tests::paired_peer_address_is_persisted_and_removed_with_pairing ... ok
test crypto::tests::paired_peer_iroh_endpoint_is_validated_and_remembered ... ok
test crypto::tests::pairing_endpoint_is_not_changed_by_later_route_discovery ... ok
test crypto::tests::re_pairing_same_hostname_with_a_different_key_is_rejected ... ok
test crypto::tests::remembering_an_address_for_an_untrusted_hostname_persists_nothing ... ok
test crypto::tests::repeated_migration_is_idempotent ... ok
test crypto::tests::settings_contract_bounds_are_validated ... ok
test crypto::tests::settings_update_does_not_commit_when_persistence_fails ... ok
test crypto::tests::settings_update_persists_and_applies_db_limits ... ok
test crypto::tests::settings_update_rejects_invalid_values_without_persisting ... ok
test crypto::tests::settings_update_reports_connection_mode_changes ... ok
test crypto::tests::settings_update_routes_changed_shortcuts_through_the_hook ... ok
test crypto::tests::settings_update_uses_plain_save_without_a_shortcut_hook ... ok
test crypto::tests::test_dek_is_limited_to_cargo_platform_test_executables ... ok
test crypto::tests::user_update_preserves_server_owned_settings ... ok
test crypto::tests::v2_write_failure_errors_and_preserves_config ... ok
test db::file_encryption::tests::corrupted_chunk_is_rejected_without_plaintext_output ... ok
test db::file_encryption::tests::encrypted_container_round_trips_multiple_chunks ... ok
test db::file_encryption::tests::hash_mismatch_never_installs_a_container ... ok
test db::file_encryption::tests::plaintext_migration_is_idempotent ... ok
test db::legacy_v1::tests::explicit_legacy_source_overrides_isolated_roots ... ok
test db::legacy_v1::tests::legacy_migration_imports_all_types_and_is_idempotent ... ok
test db::legacy_v1::tests::legacy_migration_records_bad_rows_and_retries_after_source_changes ... ok
test db::lifecycle::tests::clear_all_reports_removal_failure_and_continues_other_directories ... ok
test db::paths::tests::custom_parent_uses_fixed_directory_name ... ok
test db::paths::tests::unc_storage_is_rejected ... ok
test db::storage::tests::batch_preflight_accounts_for_encrypted_history_copy_and_margin ... ok
test db::storage::tests::batch_preflight_stops_when_only_inline_history_can_be_evicted ... ok
test db::storage::tests::corrupt_sqlite_is_rejected_during_migration_verification ... ok
test db::storage::tests::existing_target_requires_the_same_owner_marker ... ok
test db::storage::tests::quota_eviction_credits_the_wal_the_delete_reclaims ... ok
test db::storage::tests::quota_eviction_measures_the_storage_tree_once_per_reserve ... ok
test db::storage::tests::storage_migration_calls_the_notify_hook_once_transfers_are_idle ... ok
test db::storage::tests::storage_migration_reports_when_rollback_also_fails ... ok
test db::storage::tests::storage_migration_rolls_back_when_persistence_fails ... ok
test db::storage::tests::storage_migration_succeeds_and_persists_the_new_root ... ok
test db::storage::tests::storage_migration_times_out_when_transfers_never_become_idle ... ok
test db::storage::tests::verified_storage_copy_preserves_files_and_valid_sqlite ... ok
test db::storage::tests::verified_storage_copy_rejects_symlink_entries ... ok
test db::tests::a_reader_blocked_wal_checkpoint_is_observable_and_the_delete_still_succeeds ... ok
test db::tests::automatic_cleanup_keeps_partial_pinned_batches_incomplete ... ok
test db::tests::backfill_repairs_legacy_text_references_and_marks_corrupt_rows ... ok
test db::tests::backfill_upgrades_old_classifier_and_persists_secondary_labels ... ok
test db::tests::changing_limits_can_be_enforced_immediately ... ok
test db::tests::clearing_history_removes_only_unfavorited_items ... ok
test db::tests::clipboard_bytes_are_materialized_below_the_controlled_directory ... ok
test db::tests::clipboard_materialization_preserves_the_original_basename ... ok
test db::tests::combined_filters_use_secondary_labels_and_validate_date_ranges ... ok
test db::tests::complete_file_batch_lookup_supports_idempotent_recovery ... ok
test db::tests::default_delete_checkpoint_is_non_waiting_and_restores_busy_timeout ... ok
test db::tests::deferred_delete_checkpoint_is_retried_after_reopen ... ok
test db::tests::duplicate_file_replacement_cleans_old_name_and_preserves_same_path ... ok
test db::tests::every_history_cleanup_preserves_favorite_payload_case_aliases ... ok
test db::tests::explicit_delete_truncates_the_write_ahead_log ... ok
test db::tests::failed_batch_persistence_does_not_leave_partial_database_rows ... ok
test db::tests::favorite_batches_are_mutated_and_deleted_atomically ... ok
test db::tests::favorites_query_and_delete_authority_are_consistent ... ok
test db::tests::file_byte_quota_selects_oldest_entries_for_removal ... ok
test db::tests::file_history_lifecycle_keeps_bytes_out_of_sqlite ... ok
test db::tests::file_reference_rejects_parent_paths ... ok
test db::tests::file_reference_round_trip_uses_external_file ... ok
test db::tests::file_reference_sanitizes_untrusted_original_name ... ok
test db::tests::image_history_lifecycle_keeps_bytes_out_of_sqlite ... ok
test db::tests::image_writes_enforce_the_shared_file_byte_quota ... ok
test db::tests::incomplete_batch_is_retained_but_cannot_be_copied_as_a_group ... ok
test db::tests::keyword_pages_are_bounded_and_do_not_read_non_text_payloads ... ok
test db::tests::keyword_search_matches_text_beyond_the_display_preview ... ok
test db::tests::keyword_search_treats_like_metacharacters_as_literals ... ok
test db::tests::main_database_connection_waits_for_transient_locks ... ok
test db::tests::malformed_images_are_rejected_before_database_insert ... ok
test db::tests::manually_deleting_from_a_complete_batch_rebases_survivors ... ok
test db::tests::migration_transaction_rolls_back_schema_and_version_together ... ok
test db::tests::migration_v10_normalizes_partial_favorite_batches ... ok
test db::tests::migration_v11_repairs_duplicate_file_batch_identities_before_indexing ... ok
test db::tests::migration_v3_accepts_files_and_records_resolved_hash_mismatches ... ok
test db::tests::migration_v4_preserves_invalid_images_and_exposes_diagnostics ... ok
test db::tests::migration_v5_is_idempotent_and_classifies_media ... ok
test db::tests::migration_v5_repairs_a_partial_schema ... ok
test db::tests::migration_v6_preserves_v5_primary_categories_as_json_and_is_idempotent ... ok
test db::tests::migration_v7_encrypts_plaintext_file_history_and_is_idempotent ... ok
test db::tests::migration_v7_recovers_when_container_was_installed_before_reference_update ... ok
test db::tests::migration_v7_retries_missing_files_without_blocking_schema_upgrade ... ok
test db::tests::migration_v9_scrubs_legacy_plaintext_previews_from_sqlite_files ... ok
test db::tests::new_entries_persist_categories_and_category_queries_page_stably ... ok
test db::tests::open_at_locks_the_managed_storage_tree ... ok
test db::tests::open_at_rejects_a_newer_schema_before_initializing_tables ... ok
test db::tests::open_at_repairs_pre_existing_wide_permissions ... ok
test db::tests::opening_v7_database_adds_batch_columns_before_creating_batch_index ... ok
test db::tests::orphan_payload_sweep_respects_references_and_the_grace_period ... ok
test db::tests::orphan_sweep_aborts_before_deletion_when_a_live_reference_is_invalid ... ok
test db::tests::orphan_sweep_collects_owned_temps_and_preserves_live_writers ... ok
test db::tests::orphan_sweep_preserves_reused_payloads_with_case_aliases ... ok
test db::tests::oversized_history_file_is_rejected_before_persistence ... ok
test db::tests::payload_cleanup_preserves_file_identity_and_fails_closed ... ok
test db::tests::pinned_entries_are_never_selected_for_quota_cleanup ... ok
test db::tests::plaintext_clipboard_materialization_does_not_change_the_source_inode ... ok
test db::tests::prepared_preview_rejects_corruption_and_observes_cancellation ... ok
test db::tests::prepared_preview_survives_entry_deletion_without_reopening_its_path ... ok
test db::tests::preview_batch_navigation_reports_typed_membership_errors ... ok
test db::tests::preview_batch_navigation_uses_actual_order_and_count ... ok
test db::tests::preview_errors_never_serialize_source_details ... ok
test db::tests::preview_metadata_describes_text_image_and_file_without_payloads ... ok
test db::tests::preview_metadata_does_not_decrypt_payload_data ... ok
test db::tests::preview_payload_loads_text_image_and_file_bytes ... ok
test db::tests::preview_payload_rejects_oversized_metadata_before_decryption ... ok
test db::tests::preview_payload_reports_missing_history_id ... ok
test db::tests::read_revision_rejects_mutations_and_replaced_database_instances ... ok
test db::tests::received_file_batch_receipt_makes_replays_idempotent ... ok
test db::tests::remote_clipboard_materialization_copies_and_marks_plaintext_source ... ok
test db::tests::synthetic_baseline_percentiles_use_nearest_rank ... ok
test db::tests::synthetic_history_performance_baseline ... ignored, manual synthetic performance baseline
test db::tests::text_previews_are_decrypted_only_when_history_is_read ... ok
test db::tests::typed_preview_payload_reports_missing_entry ... ok
test db::tests::v9_busy_migration_keeps_pending_state_and_completes_on_reopen ... ok
test db::tests::v9_cleanup_wal_truncation_fails_when_a_reader_blocks_it ... ok
test diagnostics::tests::collector_may_reenter_record_and_set_collector_without_deadlock ... ok
test diagnostics::tests::collector_runs_outside_the_registry_lock ... ok
test diagnostics::tests::error_ref_skips_alloc_when_uncollected ... ok
test diagnostics::tests::record_is_a_noop_without_a_collector ... ok
test identity::tests::concurrent_initialization_converges_on_one_identity ... ok
test identity::tests::corrupt_identity_is_reported_without_replacement ... ok
test identity::tests::create_only_persistence_never_replaces_an_existing_identity ... ok
test identity::tests::identity_directory_and_file_are_private ... ok
test identity::tests::invalid_identity_version_and_key_lengths_are_preserved ... ok
test identity::tests::missing_identity_is_created_once_and_reloaded ... ok
test identity::tests::public_key_validation_is_canonical_and_fingerprinted ... ok
test identity::tests::trust_peer_filters_blank_addresses_and_falls_back_to_lan_in_auto_mode ... ok
test identity::tests::trust_peer_infers_tailscale_mode_for_cgnat_addresses ... ok
test identity::tests::trust_peer_pins_the_key_and_persists_via_the_hook ... ok
test identity::tests::trust_peer_rejects_an_empty_hostname ... ok
test identity::tests::trust_peer_rejects_pinning_this_device_itself ... ok
test identity::tests::trust_peer_rolls_back_the_settings_when_persistence_fails ... ok
test image_chunks::tests::compresses_and_reassembles_bounded_image ... ok
test image_chunks::tests::multiple_chunks_require_order_and_match_the_digest ... ok
test image_chunks::tests::rejects_decompression_bomb_and_forged_dimensions ... ok
test image_chunks::tests::rejects_malformed_sizes_and_missing_chunks ... ok
test import::tests::begin_import_validates_input_and_rejects_bad_hashes ... ok
test import::tests::import_hash_mismatch_is_rejected_and_file_removed ... ok
test import::tests::import_rejects_incomplete_and_misordered_chunks ... ok
test import::tests::import_rejects_invalid_base64_and_bad_offsets ... ok
test import::tests::import_size_limit_matches_protocol_and_file_limits ... ok
test import::tests::text_import_round_trip_commits_and_cleans_up ... ok
test iroh_transport::tests::corrupt_iroh_identity_is_archived_before_regeneration ... ok
test iroh_transport::tests::endpoint_registries_isolate_rtt_capability_observations ... ok
test iroh_transport::tests::one_time_invite_completes_over_real_iroh_and_is_consumed ... ok
test iroh_transport::tests::pairing_completes_over_a_real_iroh_stream ... ok
test iroh_transport::tests::persisted_identity_keeps_the_same_endpoint_id ... ok
test iroh_transport::tests::rejected_alpn_does_not_prevent_the_next_business_connection ... ok
test iroh_transport::tests::repeated_rtt_probes_reuse_the_persistent_endpoint ... ok
test iroh_transport::tests::reverse_direction_rtt_probe_does_not_close_an_existing_business_stream ... ok
test iroh_transport::tests::rtt_capability_cache_is_bounded_and_refreshes_existing_entries ... ok
test iroh_transport::tests::rtt_capability_cache_rejects_invalid_endpoint_ids ... ok
test iroh_transport::tests::rtt_measurement_uses_the_selected_path ... ok
test iroh_transport::tests::rtt_samples_label_the_measured_path ... ok
test observability::tests::generated_ids_have_expected_shape ... ok
test observability::tests::session_id_is_stable_and_short ... ok
test pairing::invite::tests::a_claim_is_released_on_drop_and_consumed_on_commit ... ok
test pairing::invite::tests::expired_invites_are_rejected_without_waiting ... ok
test pairing::invite::tests::invite_round_trips_as_a_native_link ... ok
test pairing::invite::tests::malformed_and_tampered_invites_are_rejected ... ok
test pairing::tests::a_stalled_pairing_session_releases_the_window_before_window_expiry ... ok
test pairing::tests::anonymous_protocol_anomalies_do_not_consume_the_lockout_budget ... ok
test pairing::tests::both_confirmations_save_both_peer_keys_and_close_windows ... ok
test pairing::tests::code_is_six_digits_and_independent_of_key_order ... ok
test pairing::tests::diagnostics_events_follow_the_pairing_lifecycle ... ok
test pairing::tests::diagnostics_pairing_failed_records_the_error ... ok
test pairing::tests::fifth_failure_closes_pairing_window ... ok
test pairing::tests::glare_arbitration_keeps_one_deterministic_session_without_banning ... ok
test pairing::tests::install_pairing_session_rejects_closed_window ... ok
test pairing::tests::install_pairing_session_rejects_invalid_interface ... ok
test pairing::tests::install_pairing_session_rejects_self_pairing ... ok
test pairing::tests::install_pairing_session_without_manager_writes_error_frame ... ok
test pairing::tests::invalid_inputs_are_rejected ... ok
test pairing::tests::newer_session_preempts_an_unconfirmed_slot_but_not_a_confirmed_one ... ok
test pairing::tests::non_ban_pairing_failure_keeps_window_and_counter ... ok
test pairing::tests::pairing_waits_for_remote_persisted_ack_before_marking_paired ... ok
test pairing::tests::pairing_window_defaults_closed_and_expires ... ok
test pairing::tests::preferred_glare_direction_cannot_evict_a_locally_confirmed_session ... ok
test pairing::tests::remote_invite_is_consumed_only_after_both_peers_persist_trust ... ok
test pairing::tests::session_timeouts_do_not_consume_pairing_lockout_budget ... ok
test pairing::tests_pending::a_cancellation_cannot_slip_between_the_check_and_the_trust_write ... ok
test pairing::tests_pending::a_cancelled_session_never_writes_trust ... ok
test pairing::tests_pending::a_completed_pairing_promotes_to_trust_and_clears_the_note ... ok
test pairing::tests_pending::a_frozen_legacy_configuration_still_loads_with_its_trust_intact ... ok
test pairing::tests_pending::a_known_pin_conflict_never_advertises_persistence ... ok
test pairing::tests_pending::a_link_that_dies_before_the_peer_acknowledges_leaves_a_pending_note_not_trust ... ok
test pairing::tests_pending::a_link_that_dies_before_the_peer_confirms_records_nothing ... ok
test pairing::tests_pending::a_restart_keeps_the_note_and_still_reports_the_device_unpaired ... ok
test pairing::tests_pending::a_session_timeout_after_confirmation_keeps_the_pending_note ... ok
test pairing::tests_pending::an_older_peer_pairing_into_the_new_side_still_completes ... ok
test pairing::tests_pending::committed_pairing_is_terminal_while_transport_close_is_pending ... ok
test pairing::tests_pending::failed_pending_writes_preserve_memory_and_future_formats ... ok
test pairing::tests_pending::forgetting_a_device_also_drops_its_half_confirmed_note ... ok
test pairing::tests_pending::pending_recovery_requires_the_same_authenticated_key_and_is_never_active ... ok
test pairing::tests_pending::repeated_confirmation_is_idempotent_and_grants_nothing ... ok
test pairing::tests_pending::revocation_invalidates_a_pending_session_before_a_late_ack ... ok
test pairing::tests_pending::the_new_side_pairing_out_to_an_older_peer_still_completes ... ok
test pairing::tests_pending::the_older_peer_concludes_success_only_after_the_new_note_is_durable ... ok
test pairing::tests_pending::the_settings_shape_stays_readable_by_an_older_build ... ok
test peer::admission::tests::disabled_peer_is_rejected ... ok
test peer::admission::tests::malformed_trusted_key_is_rejected ... ok
test peer::admission::tests::missing_enabled_entry_defaults_to_enabled ... ok
test peer::admission::tests::paired_enabled_peer_is_allowed ... ok
test peer::admission::tests::source_mode_mismatch_is_rejected ... ok
test peer::admission::tests::unpaired_peer_is_rejected ... ok
test peer::admission::tests::wrong_key_is_rejected ... ok
test peer::connection_limiter::tests::dropping_permits_returns_capacity ... ok
test peer::connection_limiter::tests::ip_address_variant_uses_the_same_source_accounting ... ok
test peer::connection_limiter::tests::limiter_enforces_total_and_per_source_caps ... ok
test peer::delivery::tests::a_full_priority_queue_never_drops_a_text_frame_silently ... ok
test peer::delivery::tests::candidate_delay_prefers_lan_without_serializing_fallbacks ... ok
test peer::delivery::tests::completion_reports_the_result_to_the_enqueuer ... ok
test peer::delivery::tests::confirmed_batch_rejects_oversized_payloads ... ok
test peer::delivery::tests::confirmed_file_rejects_non_file_commands ... ok
test peer::delivery::tests::control_payloads_are_acknowledged_implicitly ... ok
test peer::delivery::tests::delivers_batch_with_accept_ack ... ok
test peer::delivery::tests::delivers_event_with_acknowledgement ... ok
test peer::delivery::tests::delivers_file_chunk_with_offset_ack ... ok
test peer::delivery::tests::delivery_config_defaults_match_shared_constants ... ok
test peer::delivery::tests::delivery_error_retryability_is_typed ... ok
test peer::delivery::tests::delivery_failure_backoff_delays_the_next_reconnect ... ok
test peer::delivery::tests::dropping_an_in_flight_frame_reports_shutdown_only_while_shutting_down ... ok
test peer::delivery::tests::event_ack_for_another_message_is_a_protocol_error ... ok
test peer::delivery::tests::event_ack_must_match_sequence_and_message ... ok
test peer::delivery::tests::event_rejection_is_permanent ... ok
test peer::delivery::tests::expired_event_rejection_is_typed_and_permanent ... ok
test peer::delivery::tests::file_ack_must_match_transfer_and_returns_offset ... ok
test peer::delivery::tests::file_resume_ack_marks_batch_replay_required ... ok
test peer::delivery::tests::file_window_falls_back_to_stop_and_wait_without_negotiation ... ok
test peer::delivery::tests::file_window_returns_confirmed_prefix_when_later_ack_times_out ... ok
test peer::delivery::tests::file_window_sends_all_chunks_before_waiting_for_cumulative_acks ... ok
test peer::delivery::tests::four_megabyte_window_removes_per_chunk_ack_serialization ... ok
test peer::delivery::tests::measured_candidate_delay_follows_route_quality_and_keeps_fallbacks_bounded ... ok
test peer::delivery::tests::negotiated_image_chunks_reassemble_before_final_ack ... ok
test peer::delivery::tests::oversized_payloads_are_rejected_at_enqueue_time ... ok
test peer::delivery::tests::pending_frame_ttl_is_checked_from_enqueue_time ... ok
test peer::delivery::tests::race_aborts_remaining_attempts_on_first_success ... ok
test peer::delivery::tests::race_applies_handshake_timeout ... ok
test peer::delivery::tests::race_joins_all_failures ... ok
test peer::delivery::tests::race_preserves_lan_head_start_while_another_immediate_lan_is_connecting ... ok
test peer::delivery::tests::race_releases_a_delayed_fallback_when_the_preferred_route_fails_fast ... ok
test peer::delivery::tests::race_wins_with_first_successful_attempt ... ok
test peer::delivery::tests::race_without_candidates_fails ... ok
test peer::delivery::tests::receiver_replay_reselects_only_file_chunks_sent_over_a_fallback_route ... ok
test peer::delivery::tests::s2_f5_authenticated_worker_baseline ... ignored, 9 x 60s production worker/Noise/core receive benchmark; retain every observation
test peer::delivery::tests::s2_f5_file_ack_does_not_block_text ... ok
test peer::delivery::tests::scheduler_keeps_serving_the_open_channel ... ok
test peer::delivery::tests::scheduler_model_latency_baseline ... ignored, performance baseline; run explicitly with --ignored --nocapture
test peer::delivery::tests::scheduler_serves_bulk_after_a_bounded_priority_burst ... ok
test peer::delivery::tests::shared_event_can_encode_without_consuming_history_bytes ... ok
test peer::delivery::tests::shared_event_encodes_once_and_shares_bytes_across_peers ... ok
test peer::delivery::tests::shared_event_rejects_non_envelope_commands_and_oversized_payloads ... ok
test peer::delivery::tests::silent_batch_ack_ends_the_connection_attempt_without_replay ... ok
test peer::delivery::tests::silent_event_ack_ends_the_attempt_instead_of_replaying_on_the_stream ... ok
test peer::delivery::tests::silent_file_ack_ends_the_connection_attempt_without_replay ... ok
test peer::delivery::tests::text_payload_is_wrapped_in_an_event_envelope ... ok
test peer::delivery::tests::worker_delivers_frames_and_registers_session ... ok
test peer::delivery::tests::worker_drops_permanently_rejected_frames ... ok
test peer::delivery::tests::worker_exits_on_shutdown ... ok
test peer::delivery::tests::worker_keeps_pending_frame_across_reconnect ... ok
test peer::delivery::tests::worker_reaches_connect_when_refresh_hangs ... ok
test peer::delivery::tests::worker_reselects_the_preferred_route_after_receiver_requests_batch_replay ... ok
test peer::delivery::tests::worker_wakes_reconnect_backoff_when_new_work_arrives ... ok
test peer::directory::tests::auto_merge_keeps_the_tailnet_address_when_lan_is_preferred ... ok
test peer::directory::tests::automatic_discovery_merges_interfaces_and_prefers_lan ... ok
test peer::directory::tests::automatic_discovery_survives_one_unavailable_interface ... ok
test peer::directory::tests::candidate_sort_keeps_online_routes_ahead_of_offline_lan ... ok
test peer::directory::tests::candidate_sort_prefers_private_addresses_over_apipa_and_loopback ... ok
test peer::directory::tests::connection_modes_keep_only_their_allowed_remembered_routes ... ok
test peer::directory::tests::connection_modes_only_accept_expected_address_ranges ... ok
test peer::directory::tests::discovered_alias_with_paired_address_is_not_listed_twice ... ok
test peer::directory::tests::lan_discovery_succeeds_with_zero_devices_and_fails_only_when_all_transports_fail ... ok
test peer::directory::tests::lan_merge_does_not_label_a_lan_candidate_as_the_tailscale_ip ... ok
test peer::directory::tests::lan_only_rejects_tailscale_but_keeps_other_ula_and_link_local ... ok
test peer::directory::tests::local_info_merging_backfills_tailscale_ip_and_candidates ... ok
test peer::directory::tests::local_lan_ip_prefers_private_ipv4_and_never_returns_unspecified ... ok
test peer::directory::tests::mdns_and_udp_results_are_deduplicated_without_losing_udp_compatibility ... ok
test peer::directory::tests::mdns_only_candidate_is_discovered_but_not_online ... ok
test peer::directory::tests::mdns_self_filter_requires_remote_identity_and_expected_port ... ok
test peer::directory::tests::paired_peer_with_remembered_address_survives_empty_discovery ... ok
test peer::directory::tests::pairing_target_parses_ips_and_endpoint_ids ... ok
test peer::directory::tests::pairing_target_rejects_link_local_ipv6_with_a_clear_message ... ok
test peer::directory::tests::pairing_target_validation_enforces_mode_ranges ... ok
test peer::directory::tests::peer_socket_addr_supports_ipv6_addresses ... ok
test peer::directory::tests::resolve_candidates_fails_without_any_usable_address ... ok
test peer::directory::tests::resolve_candidates_keeps_online_unmeasured_routes_before_offline_measurements ... ok
test peer::directory::tests::resolve_candidates_maps_and_sorts_existing_candidates ... ok
test peer::directory::tests::resolve_candidates_prefers_the_fastest_measured_online_route ... ok
test peer::directory::tests::resolve_candidates_rejects_invalid_iroh_endpoints ... ok
test peer::directory::tests::resolve_candidates_rejects_invalid_tcp_addresses ... ok
test peer::directory::tests::resolve_candidates_skips_link_local_ipv6_without_a_scope ... ok
test peer::directory::tests::resolve_candidates_synthesizes_candidate_without_discovery ... ok
test peer::directory::tests::resolve_candidates_uses_tailscale_ip_when_address_is_empty ... ok
test peer::directory::tests::trusted_peer_candidates_are_completed_from_all_remembered_interfaces ... ok
test peer::discovery_admission::tests::full_table_does_not_rescan_before_cleanup_interval ... ok
test peer::discovery_admission::tests::idle_sources_expire_and_free_table_slots ... ok
test peer::discovery_admission::tests::lan_loopback_and_tailscale_sources_are_admitted ... ok
test peer::discovery_admission::tests::public_and_unspecified_sources_are_never_answered ... ok
test peer::discovery_admission::tests::single_source_exhausts_its_burst_and_refills_over_time ... ok
test peer::discovery_admission::tests::socket_source_ip_extraction_matches_responder_usage ... ok
test peer::discovery_admission::tests::sources_are_billed_independently_under_the_global_cap ... ok
test peer::discovery_admission::tests::spoofed_source_flood_keeps_the_table_bounded ... ok
test peer::discovery_admission::tests::table_full_denies_new_sources_without_evicting_live_ones ... ok
test peer::discovery_admission::tests::throttled_source_does_not_burn_the_global_budget ... ok
test peer::discovery_admission::tests::wake_storm_bursts_are_not_throttled ... ok
test peer::event_receiver::tests::duplicate_event_is_acknowledged_without_reapply ... ok
test peer::event_receiver::tests::non_reliable_command_is_rejected ... ok
test peer::event_receiver::tests::replay_with_unknown_message_id_is_rejected ... ok
test peer::event_receiver::tests::stale_timestamp_is_rejected ... ok
test peer::event_receiver::tests::text_event_is_applied_and_acknowledged ... ok
test peer::event_receiver::tests::transient_clipboard_failure_does_not_persist_or_deduplicate_event ... ok
test peer::health::tests::apply_peer_health_clears_stale_current_route_after_session_closes ... ok
test peer::health::tests::apply_peer_health_marks_connected_route_current ... ok
test peer::health::tests::apply_peer_health_normalizes_inconsistent_legacy_input ... ok
test peer::health::tests::apply_peer_health_writes_candidate_and_peer_status ... ok
test peer::health::tests::authenticated_sessions_force_connected_until_last_session_closes ... ok
test peer::health::tests::candidate_without_heartbeat_is_discovered_not_online ... ok
test peer::health::tests::heartbeat_misses_confirm_then_offline_and_recover_immediately ... ok
test peer::health::tests::heartbeat_rounds_confirm_then_offline_and_recover ... ok
test peer::health::tests::lan_and_tailscale_health_are_independent ... ok
test peer::health::tests::online_ttl_expiry_moves_routes_to_offline ... ok
test peer::health::tests::probe_round_requires_an_explicit_success_observation ... ok
test peer::health::tests::probe_rounds_move_never_answered_candidates_offline ... ok
test peer::health::tests::probed_but_never_seen_routes_go_offline_after_two_misses ... ok
test peer::health::tests::route_tracking_is_bounded_and_connected_sessions_survive_eviction ... ok
test peer::inbound_source::tests::address_and_description_normalize_the_source ... ok
test peer::inbound_source::tests::interface_maps_tcp_addresses_and_iroh ... ok
test peer::inbound_source::tests::is_allowed_follows_the_connection_mode ... ok
test peer::pool::tests::batch_serializers_are_per_peer ... ok
test peer::pool::tests::sender_for_candidates_keeps_a_live_worker_across_route_changes ... ok
test peer::pool::tests::sender_for_candidates_replaces_dead_workers ... ok
test peer::rate_limit::tests::check_peer_event_budget_accepts_events_and_rejects_oversize ... ok
test peer::rate_limit::tests::image_continuation_chunks_consume_bytes_without_exhausting_event_burst ... ok
test peer::rate_limit::tests::peer_budget_enforces_event_burst_and_byte_capacity ... ok
test peer::rate_limit::tests::peer_budget_refills_over_time ... ok
test peer::types::tests::active_route_serializes ... ok
test peer::types::tests::connection_mode_allows_only_its_interfaces ... ok
test peer::types::tests::connection_mode_parses_canonical_and_legacy_spellings ... ok
test peer::types::tests::health_consistency_invariant_detects_contradictions ... ok
test peer::types::tests::health_consistency_invariant_holds_for_constructors ... ok
test peer::types::tests::health_snapshot_serializes_snake_case_fields ... ok
test peer::types::tests::legacy_candidates_without_capability_fail_closed ... ok
test peer::types::tests::legacy_peer_info_without_status_fields_defaults_safely ... ok
test peer::types::tests::local_info_defaults_candidates_when_absent ... ok
test peer::types::tests::new_candidates_only_assume_tcp_routes_support_rtt ... ok
test peer::types::tests::peer_status_defaults_to_discovered ... ok
test peer::types::tests::remembered_candidates_start_discovered_and_offline ... ok
test peer::types::tests::resolved_target_displays_iroh_prefix ... ok
test peer::types::tests::route_latency_serializes ... ok
test private_fs::atomic_temp_lifecycle_tests::atomic_writer_exit_probe ... ok
test private_fs::atomic_temp_lifecycle_tests::dead_writer_temp_is_collectible_after_a_process_restart ... ok
test private_fs::tests::create_private_dir_all_leaves_existing_directories_alone ... ok
test private_fs::tests::create_private_dir_all_locks_created_directories ... ok
test private_fs::tests::create_private_dir_all_rejects_a_symlink_root ... ok
test private_fs::tests::create_private_file_is_owner_only_and_fails_on_existing ... ok
test private_fs::tests::enforce_private_database_handles_missing_files ... ok
test private_fs::tests::enforce_private_tree_breaks_legacy_hard_links_without_touching_the_source ... ok
test private_fs::tests::enforce_private_tree_does_not_follow_a_symlink_root ... ok
test private_fs::tests::enforce_private_tree_rejects_child_symlinks ... ok
test private_fs::tests::enforce_private_tree_repairs_pre_existing_paths ... ok
test private_fs::tests::private_file_creation_rejects_a_symlink_parent ... ok
test private_fs::tests::write_private_file_is_atomic_and_owner_only ... ok
test secure::handshake::pairing_read_tests::window_signal_preserves_a_partially_read_frame ... ok
test secure::tests::anonymous_handshake_identity_fields_are_pinned ... ok
test secure::tests::capability_advertisements_are_backward_compatible_and_fail_closed ... ok
test secure::tests::capability_negotiation_requires_build_runtime_and_peer_support ... ok
test secure::tests::closed_pairing_window_returns_a_clear_rejection ... ok
test secure::tests::current_client_uses_v4_data_frames_with_legacy_server ... ok
test secure::tests::current_server_uses_v4_data_frames_with_legacy_client ... ok
test secure::tests::encrypted_frame_write_does_not_wait_forever_for_a_stalled_peer ... ok
test secure::tests::encrypted_record_read_resumes_after_ciphertext_cancellation ... ok
test secure::tests::encrypted_record_read_resumes_after_length_prefix_cancellation ... ok
test secure::tests::encrypted_transport_fragments_a_full_file_chunk ... ok
test secure::tests::incompatible_handshake_gets_an_actionable_response_in_the_peer_version ... ok
test secure::tests::negotiated_capabilities_are_bound_to_each_authenticated_session ... ok
test secure::tests::noise_handshake_pins_identity_and_round_trips_encrypted_frame ... ok
test secure::tests::noise_handshake_rejects_wrong_pinned_server_key ... ok
test secure::tests::oversized_handshake_is_rejected_from_header_before_body_read ... ok
test secure::tests::oversized_image_chunk_is_rejected_from_decrypted_header_before_body_read ... ok
test secure::tests::pairing_handshake_derives_matching_verification_codes ... ok
test secure::tests::peer_closing_the_handshake_remains_a_network_error ... ok
test secure::tests::peer_identity_is_backward_compatible_and_only_serializes_iroh_when_present ... ok
test secure::tests::peer_identity_rejects_an_explicitly_incompatible_wire_version ... ok
test sync::outgoing::tests::an_outgoing_batch_without_peers_adopts_recovered_targets_once ... ok
test sync::outgoing::tests::an_outgoing_batch_without_peers_is_not_marked_complete ... ok
test sync::outgoing::tests::journal_round_trip_preserves_ids_paths_and_peer_state ... ok
test sync::outgoing::tests::live_claim_prevents_duplicate_recovery_until_the_sender_finishes ... ok
test sync::outgoing::tests::peer_rename_is_matched_by_the_persisted_fingerprint ... ok
test sync::outgoing::tests::pending_selection_round_trip_and_expiry_are_bounded ... ok
test sync::outgoing::tests::rebind_legacy_batch_keeps_fingerprints_aligned_with_completed_peers ... ok
test sync::outgoing::tests::rebind_outgoing_batch_peers_updates_repaired_fingerprint ... ok
test sync::outgoing::tests::rebind_prefers_persisted_identity_when_old_hostname_is_reused ... ok
test sync::outgoing::tests::rebind_preserves_completed_batch_until_local_history_is_saved ... ok
test sync::outgoing::tests::retire_outgoing_batches_for_peer_removes_matching_journals ... ok
test sync::outgoing::tests::retry_state_applies_backoff_and_throttles_duplicate_notifications ... ok
test sync::outgoing::tests::stale_journal_is_removed_without_touching_source_file ... ok
test sync::prepare::tests::clipboard_files_are_readable_accepts_regular_files ... ok
test sync::prepare::tests::clipboard_files_are_readable_rejects_missing_paths ... ok
test sync::prepare::tests::collision_safe_name_uniquifies_with_folder_labels ... ok
test sync::prepare::tests::manifest_validate_rejects_structural_violations ... ok
test sync::prepare::tests::normalize_transferred_file_name_strips_full_and_legacy_prefixes ... ok
test sync::prepare::tests::prepare_file_batch_builds_hashed_entries_for_real_files ... ok
test sync::prepare::tests::prepare_file_batch_rejects_symlinks_and_folders ... ok
test sync::resume::tests::forced_resume_persistence_flushes_before_state_release ... ok
test sync::resume::tests::maintenance_immediately_cleans_acknowledged_batch_sidecars ... ok
test sync::resume::tests::persist_incoming_batch_writes_atomically ... ok
test sync::resume::tests::persist_transfer_state_is_owner_only ... ok
test sync::resume::tests::restore_persisted_received_file_accepts_matching_files ... ok
test sync::resume::tests::restore_persisted_received_file_rejects_links_outside_incoming ... ok
test sync::resume::tests::restore_persisted_received_file_rejects_mismatches_and_missing_files ... ok
test sync::resume::tests::resume_persistence_is_buffered_until_the_cadence_is_due ... ok
test sync::shadow::tests::shadow_filter_remove_rolls_back_and_expired_entries_miss ... ok
test sync::shadow::tests::shadow_filter_stays_sticky_and_bounded ... ok
test sync::tests::active_file_batch_limits_are_enforced_without_affecting_other_peers ... ok
test sync::tests::actual_incoming_batch_creates_private_directories_and_manifest ... ok
test sync::tests::batch_preflight_only_credits_partials_bound_to_the_same_manifest ... ok
test sync::tests::batch_updates_clipboard_only_after_all_files_and_completion ... ok
test sync::tests::cancellation_exposes_only_completed_files_as_incomplete_history ... ok
test sync::tests::cancelled_batch_cache_expires_and_caps_entries ... ok
test sync::tests::cancelled_batch_survives_connection_suspend ... ok
test sync::tests::completed_batch_files_resume_after_engine_restart ... ok
test sync::tests::completed_file_batch_is_idempotent ... ok
test sync::tests::completed_file_batch_replay_skips_receive_and_preserves_the_manifest_on_failure ... ok
test sync::tests::completed_transfer_shortcut_requires_matching_hash ... ok
test sync::tests::connection_suspend_releases_handles_and_preserves_partial_offset ... ok
test sync::tests::corrupt_resumed_file_fails_deferred_verification ... ok
test sync::tests::duplicate_names_get_a_short_source_directory_label ... ok
test sync::tests::durable_completion_seed_shortcuts_a_replayed_batch ... ok
test sync::tests::expired_transfer_cleanup_removes_orphans_but_preserves_recent_and_nested_files ... ok
test sync::tests::file_batch_count_and_size_boundaries_are_exact ... ok
test sync::tests::file_meta_accepts_valid_input_and_normalizes_the_name ... ok
test sync::tests::file_meta_rejects_invalid_chunk_sizes_for_resumable_transfers ... ok
test sync::tests::file_meta_rejects_missing_or_invalid_names ... ok
test sync::tests::file_meta_rejects_oversized_files ... ok
test sync::tests::file_meta_requires_the_batch_protocol ... ok
test sync::tests::file_receive_limit_is_enforced_per_peer ... ok
test sync::tests::file_receive_rejects_empty_chunk_without_mutating_resume_state ... ok
test sync::tests::file_receive_restores_the_confirmed_offset_from_disk ... ok
test sync::tests::folder_rejects_the_entire_selection ... ok
test sync::tests::global_active_file_batch_limit_is_enforced ... ok
test sync::tests::newer_clipboard_generation_prevents_old_batch_activation ... ok
test sync::tests::pending_and_inflight_receives_count_toward_the_peer_limit ... ok
test sync::tests::pending_file_batch_bytes_exclude_partial_data_already_on_disk ... ok
test sync::tests::process_restart_reopens_batch_manifest_before_orphaned_chunk ... ok
test sync::tests::receive_suspend_guard_drop_without_runtime_does_not_panic ... ok
test sync::tests::receive_suspend_guard_suspends_active_receives_on_drop ... ok
test sync::tests::reliable_message_dedup_is_bounded_by_insertion_order ... ok
test sync::tests::reliable_message_dedup_is_scoped_to_the_peer ... ok
test sync::tests::resumed_file_is_verified_before_commit ... ok
test sync::tests::shared_batch_cancel_rejects_a_verified_pending_commit_without_leaking_file ... ok
test sync::tests::shared_batch_cancel_waits_for_transfer_state_and_cleans_temp_files ... ok
test sync::tests::shared_batch_commit_reuses_verified_plaintext_clipboard_staging ... ok
test sync::tests::shared_batch_finish_does_not_hold_engine_lock_during_platform_commit ... ok
test sync::tests::shared_batch_finish_keeps_manifest_until_network_ack ... ok
test sync::tests::shared_receive_path_uses_transfer_scoped_state_and_commit ... ok
test sync::tests::stale_connection_suspend_keeps_state_reassigned_to_new_epoch ... ok
test sync::tests::stale_receive_metadata_cannot_downgrade_active_epoch ... ok
test sync::tests::symbolic_link_rejects_the_entire_selection_when_supported ... ok
test sync::tests::transferred_file_name_removes_current_and_legacy_storage_prefixes ... ok
test sync::tests::verify_and_commit_commits_verified_files ... ok
test sync::tests::verify_and_commit_removes_corrupt_files_without_committing ... ok
test sync_warning::p2_4_tests::peek_does_not_consume_and_ack_consumes_exactly_that_warning ... ok
test sync_warning::p2_4_tests::warning_ids_are_monotonic_and_nonzero ... ok
test sync_warning::tests::delivery_shutdown_warning_requires_a_real_shutdown ... ok
test sync_warning::tests::warning_variants_are_bounded_and_consumed_once ... ok
test updates::tests::metadata_requires_the_current_product_and_schema ... ok
test updates::tests::metadata_version_must_match_the_downloaded_release ... ok

test result: ok. 486 passed; 0 failed; 3 ignored; 0 measured; 0 filtered out; finished in 27.39s

     Running tests/legacy_data_isolation.rs (target/debug/deps/legacy_data_isolation-2c2315e941edc87d)

running 2 tests
test legacy_isolation_worker ... ignored, worker launched with synthetic HOME and isolated TAILSYNC_DATA_DIR
test overridden_data_dir_does_not_import_implicit_legacy_history ... 
running 1 test
test legacy_isolation_worker ... ok

test result: ok. 1 passed; 0 failed; 0 ignored; 0 measured; 1 filtered out; finished in 0.01s

ok

test result: ok. 1 passed; 0 failed; 1 ignored; 0 measured; 0 filtered out; finished in 0.02s

     Running tests/received_batch_crash_matrix.rs (target/debug/deps/received_batch_crash_matrix-d1f5b64145c5fab8)

running 0 tests

test result: ok. 0 passed; 0 failed; 0 ignored; 0 measured; 0 filtered out; finished in 0.00s

   Doc-tests tailsync_core

running 0 tests

test result: ok. 0 passed; 0 failed; 0 ignored; 0 measured; 0 filtered out; finished in 0.00s

