   Compiling tailsync v2.3.1 (/Users/monet/TailSync/TailSync-remediation/macos/src-tauri)
    Finished `test` profile [unoptimized + debuginfo] target(s) in 5.98s
     Running unittests src/lib.rs (macos/src-tauri/target/debug/deps/tailsync_lib-2f2fd8410dee23b0)

running 34 tests
test api::routes::registry::tests::all_registered_commands_parse_and_unknown_is_rejected ... ok
test api::routes::settings::tests::connection_mode_route_preserves_paused_sync_and_returns_live_settings ... ok
test api::routes::settings::tests::connection_mode_route_rejects_missing_and_invalid_modes_without_mutation ... ok
test api::routes::stable_capability_tests::macos_socket_advertises_stable_errors ... ok
test api::tests::api_listener_bind_retry_stops_for_shutdown ... ok
test api::tests::api_listener_recovers_after_the_address_is_released ... ok
test api::tests::api_reader_rejects_oversized_and_incomplete_requests ... ok
test api::tests::api_reader_times_out_slow_clients ... ok
test api::tests::api_token_requires_exact_hex_and_compares_all_bytes ... ok
test api::tests::history_capabilities_advertise_multi_label_and_date_contracts ... ok
test api::tests::history_request_accepts_new_filters_and_legacy_omissions ... ok
test api::tests::iroh_only_snapshot_exposes_the_local_endpoint_route ... ok
test api::tests::notification_buffer_state_reports_cursor_and_drops ... ok
test api::tests::notification_snapshot_keeps_entries_and_cursor_in_one_window_during_overflow ... ok
test api::tests::peer_snapshot_does_not_infer_a_connection_from_selected_mode ... ok
test api::tests::peer_snapshot_exposes_protocol_upgrade_notice_for_a_trusted_peer ... ok
test api::tests::peer_snapshot_keeps_local_identity_when_discovery_fails ... ok
test api::tests::progress_revision_gate_coalesces_updates_and_flushes_terminal_state ... ok
test api::tests::progress_scope_keeps_other_concurrent_devices_visible ... ok
test api::tests::runtime_notification_buffer_is_bounded_and_incremental ... ok
test api::tests::runtime_notification_overflow_is_reported_not_hidden ... ok
test api::tests::runtime_revision_waiter_wakes_on_change ... ok
test api::tests::runtime_service_instance_is_stable_and_nonzero ... ok
test api::tests::runtime_snapshot_request_accepts_bounded_wait_fields ... ok
test api::tests::thumbnail_alpha_weights_prevent_transparent_color_bleed ... ok
test api::tests::thumbnail_box_averages_instead_of_point_sampling ... ok
test api::tests::thumbnail_keeps_a_solid_color_pure ... ok
test api::tests::thumbnail_leaves_images_within_the_cap_untouched ... ok
test api::tests::thumbnail_preserves_aspect_ratio_and_caps_longest_edge ... ok
test api::tests::v2_theme_request_carries_path_and_theme_id ... ok
test api::transport::cancellation_tests::disconnected_client_drops_pending_response ... ok
test api::transport::tests::incompatible_protocol_socket_error_has_a_fixed_public_envelope ... ok
test api::transport::tests::preview_response_gets_extended_write_timeout_only ... ok
test api::transport::tests::stable_error_opt_in_preserves_legacy_and_redacts_details ... ok

test result: ok. 34 passed; 0 failed; 0 ignored; 0 measured; 77 filtered out; finished in 0.17s

