✔ bump writes all twenty-two version files and is idempotent (21.668084ms)
✔ dry-run records the would-be writes without touching the tree (22.283625ms)
✔ verify passes at the bumped version and fails at the old version (498.756125ms)
✔ verify detects an out-of-sync Cargo.lock (181.226167ms)
✔ verify detects doc drift when a current-version marker lags behind (275.959209ms)
✔ verify rejects a missing doc version marker (199.854541ms)
✔ verify rejects a duplicated doc version marker (198.074792ms)
✔ hashes baseline inputs without exposing their contents (1.227083ms)
✔ records bounded hardware metadata for comparable runs (0.215167ms)
✔ local contract fixtures accept valid samples and reject invalid samples (6.899708ms)
✔ accepts test-support inside dev-dependencies only (3.384625ms)
✔ rejects test-support inside normal dependencies (1.168042ms)
✔ rejects test-support inside build-dependencies (1.461375ms)
✔ rejects test-support inside target-specific normal dependencies (1.097083ms)
✔ rejects multiline test-support activation in normal dependencies (1.15775ms)
✔ rejects production feature forwarding to test-support (1.115167ms)
✔ accepts the inert test-support feature declaration (1.073917ms)
✔ rejects a top-level dotted production activation (1.336125ms)
✔ rejects a symlinked Cargo manifest instead of silently skipping it (1.117292ms)
✔ parseCiJobs collects run commands per job and stops at the block end (2.800917ms)
✔ parseCiJobs reads single-line and block commands identically with LF and CRLF (0.318833ms)
✔ a CRLF workflow still certifies the configured ledger execution steps (12.001458ms)
✔ a well-formed ledger validates clean (19.485875ms)
✔ fixed_gated without a gate is rejected (2.975708ms)
✔ a gate whose test does not exist is rejected (4.599792ms)
✔ a gate pointing at a missing file is rejected (14.334917ms)
✔ an unknown ci_job is rejected (2.743625ms)
✔ a bad status is rejected (2.041167ms)
✔ a required field missing is rejected (3.080958ms)
✔ a manifest id without an entry file is rejected (2.968125ms)
✔ an unknown extra field is rejected (schema additionalProperties) (2.18175ms)
✔ a gate command that does not compile the gate file is rejected (2.57125ms)
✔ a ci_job that runs no covering command is rejected (2.93975ms)
✔ a gate command with no --manifest-path is rejected (2.427167ms)
✔ manifestCovers follows include! from another crate (3.2265ms)
✔ declared status counts that drift from the entries are rejected (3.610375ms)
✔ a malformed entry does not cascade into a bogus missing-entry error (16.838917ms)
✔ an integration gate requires its marker to be present in the gate file (3.148792ms)
✔ an integration gate with a present marker and a covering job is accepted (2.292667ms)
✔ a unit gate can be covered by a --package-path (swift) command (2.88275ms)
✔ renderIndex lists every entry (0.166ms)
✔ a non-executing/ignored-only gate command is rejected: --no-run (3.239917ms)
✔ a non-executing/ignored-only gate command is rejected: -- --list (4.496458ms)
✔ a non-executing/ignored-only gate command is rejected: -- --ignored (3.706916ms)
✔ a closed gate with no CI job is rejected (2.110125ms)
✔ compilation cannot replace execution, even with the right manifest (3.248292ms)
✔ an ordinary/ignored function is not a gate: fn real_gate() {} (2.455667ms)
✔ an ordinary/ignored function is not a gate: #[test] (2.767542ms)
✔ empty registry matches empty deny.toml ignore list (1.896708ms)
✔ registered exception passes and is counted (2.523375ms)
✔ deny.toml entry without a registry entry fails (1.78875ms)
✔ registry entry missing from deny.toml fails (1.945917ms)
✔ expired exception fails (1.937042ms)
✔ invalid calendar expiry date fails (1.755458ms)
✔ entries missing required fields fail (5.21125ms)
✔ duplicate registry ids fail (0.542375ms)
✔ duplicate deny.toml ignore ids fail (1.924667ms)
✔ extractDenyIgnoreIds reads multiline ignore arrays (0.798833ms)
✔ collects only production dependencies (2.714584ms)
✔ reports a common package version mismatch (0.264667ms)
✔ reports a feature-only production mismatch with its shortest chain (0.535583ms)
✔ keeps feature union visible without treating it as an identity mismatch (0.418292ms)
✔ does not fail for a target-only package (0.195791ms)
✔ requires structured, reviewable mismatch exceptions (0.805791ms)
✔ requires feature enforcement policy to be explicit (8.29425ms)
✔ documentation-only changes retain the lightweight fact checks (2.677667ms)
✔ site changes run only the site frontend job (0.121542ms)
✔ ledger gates and their executor require execution on both native jobs (0.299709ms)
✔ Windows frontend changes run frontend and contract checks (0.343583ms)
✔ Windows native changes stay on the Windows native path (0.276708ms)
✔ macOS changes stay on the macOS path (0.887208ms)
✔ shared core changes verify both packaged applications (0.336541ms)
✔ shared schema changes also verify the Windows frontend (0.196125ms)
✔ platform scripts verify both platforms and script policies (0.163125ms)
✔ Rust dependency inputs run native, policy, resolution, and advisory jobs (0.100459ms)
✔ platform and shared Rust dependency changes keep advisory checks (0.082958ms)
✔ version-bearing frontend manifests retain consistency checks (0.180333ms)
✔ security policy changes run policy and advisory jobs (0.150542ms)
✔ mixed changes union the required jobs (0.093625ms)
✔ cross-area moves union the deleted and added path scopes (0.096083ms)
✔ workflow and planner changes force full verification (0.236709ms)
✔ unknown and empty change sets fail safe to full verification (0.142417ms)
✔ explicit full verification overrides targeted paths (0.102708ms)
✔ records full source identity and hashes release artifacts (11.731791ms)
✔ rejects a build manifest without source identity (0.612417ms)
✔ rejects a build manifest from a different commit (0.428125ms)
✔ generates a static Tauri manifest from signed platform fragments (4.338958ms)
✔ accepts one outer Base64 layer and rejects raw or double-encoded minisign text (0.236ms)
✔ refuses to publish artifacts whose signed fragment version differs from the tag (1.023958ms)
fatal: not a git repository (or any of the parent directories): .git
✔ parses actual Rust and XCTest results; a test listing cannot certify execution (1.551125ms)
✔ does not combine a clippy manifest with an unrelated executing suite (2.028375ms)
✔ accepts a passing test from the executing suite and current source (0.653791ms)
✔ rejects missing, skipped, failed or stale proof: {"tests":[]} (0.566917ms)
✔ rejects missing, skipped, failed or stale proof: {"tests":[{"name":"module::real_gate","status":"skipped"}]} (0.841958ms)
✔ rejects missing, skipped, failed or stale proof: {"tests":[{"name":"module::real_gate","status":"failed"}]} (0.729458ms)
✔ rejects missing, skipped, failed or stale proof: {"exit_code":1} (0.861791ms)
✔ rejects missing, skipped, failed or stale proof: {"source_unchanged":false} (1.32ms)
✔ rejects missing, skipped, failed or stale proof: {"source":{"sha":"aaaaaaaaaaaaaaaaaaaaaaaaaaaaaaaaaaaaaaaa","fingerprint":"cccccccccccccccccccccccccccccccccccccccccccccccccccccccccccccccc"}} (17.333333ms)
✔ rejects missing, skipped, failed or stale proof: {"source":{"sha":"dddddddddddddddddddddddddddddddddddddddd","fingerprint":"bbbbbbbbbbbbbbbbbbbbbbbbbbbbbbbbbbbbbbbbbbbbbbbbbbbbbbbbbbbbbbbb"}} (0.918875ms)
✔ rejects missing, skipped, failed or stale proof: {"command":"cargo test --locked --manifest-path crates/app/Cargo.toml --no-run"} (0.672167ms)
✔ rejects missing, skipped, failed or stale proof: {"tests":[null]} (0.566875ms)
✔ rejects missing, skipped, failed or stale proof: {"tests":[{"name":"module::real_gate","status":"compiled"}]} (0.527167ms)
✔ successful packaging without the runtime assertion marker is not P0 proof (0.650167ms)
✔ sourceIdentity ignores untracked artifacts but tracks tracked content (330.727458ms)
✔ accepts a tag matching every application manifest (0.682208ms)
✔ rejects a release when any application manifest drifts (0.32975ms)
✔ rejects a release when an extracted shared crate drifts (0.076083ms)
✔ rejects a release when the shared runtime crate drifts (0.062916ms)
✔ classifies stable and prerelease tags without channel ambiguity (0.115625ms)
✔ accepts matching public keys and HTTPS endpoints (1.92525ms)
✔ rejects a client public key that drifts from the trust anchor (0.278334ms)
✔ rejects insecure or inconsistent updater endpoints (0.330375ms)
✔ accepts a complete published updater manifest (1.169291ms)
✔ rejects a manifest that does not match the published version (0.199084ms)
✔ rejects a missing platform artifact (0.076458ms)
✔ rejects a malformed artifact signature (0.069833ms)
ℹ tests 116
ℹ suites 0
ℹ pass 116
ℹ fail 0
ℹ cancelled 0
ℹ skipped 0
ℹ todo 0
ℹ duration_ms 1694.187709
