Building TailSync-2.3.1-macOS-arm64.dmg
created: /Users/monet/TailSync/TailSync-remediation/macos/release/TailSync-2.3.1-macOS-arm64.dmghdiutil: WARNING: 'hdiutil create -volname -format ...' is deprecated. Please use 'diskutil image create from/blank --volumeName --format ...' instead.

正在检查“Protective Master Boot Record（MBR：0）”的校验和…
Protective Master Boot Record（MBR：0）：已验证CRC32 $D650CCB4
正在检查“GPT Header（Primary GPT Header：1）”的校验和…
    GPT Header（Primary GPT Header：1）：已验证CRC32 $0A50871F
正在检查“GPT Partition Data（Primary GPT Table：2）”的校验和…
GPT Partition Data（Primary GPT Table：已验证CRC32 $4435AB82
正在检查“（Apple_Free：3）”的校验和…
                      （Apple_Free：3）：已验证CRC32 $00000000
正在检查“disk image（Apple_APFS：4）”的校验和…
            disk image（Apple_APFS：4）：已验证CRC32 $2D4A7E57
正在检查“（Apple_Free：5）”的校验和…
                      （Apple_Free：5）：已验证CRC32 $00000000
正在检查“GPT Partition Data（Backup GPT Table：6）”的校验和…
GPT Partition Data（Backup GPT Table：：已验证CRC32 $4435AB82
正在检查“GPT Header（Backup GPT Header：7）”的校验和…
     GPT Header（Backup GPT Header：7）：已验证CRC32 $34A27A79
已验证CRC32 $ED03C925
hdiutil: verify: checksum of "release/TailSync-2.3.1-macOS-arm64.dmg" is VALID

  📀 release/TailSync-2.3.1-macOS-arm64.dmg ( 10M)
  🔎 release/TailSync-2.3.1-macOS-arm64.sha256
  Signature: Community build (ad-hoc app; DMG not notarized)
