   Compiling tailsync-core v2.3.1 (/Users/monet/TailSync/TailSync-remediation/shared/rust-core)
   Compiling tailsync-runtime v2.3.1 (/Users/monet/TailSync/TailSync-remediation/shared/tailsync-runtime)
   Compiling tailsync v2.3.1 (/Users/monet/TailSync/TailSync-remediation/macos/src-tauri)
warning: function `get_runtime_notifications_since` is never used
   --> src/api.rs:144:8
    |
144 | pub fn get_runtime_notifications_since(id: u64) -> Vec<RuntimeNotification> {
    |        ^^^^^^^^^^^^^^^^^^^^^^^^^^^^^^^
    |
    = note: `#[warn(dead_code)]` (part of `#[warn(unused)]`) on by default

warning: `tailsync` (lib test) generated 1 warning
    Finished `test` profile [unoptimized + debuginfo] target(s) in 11.63s
     Running unittests src/lib.rs (macos/src-tauri/target/debug/deps/tailsync_lib-2f2fd8410dee23b0)

running 1 test

thread 'api::tests::notification_snapshot_keeps_entries_and_cursor_in_one_window_during_overflow' (3623439) panicked at src/api/tests.rs:572:5:
assertion `left == right` failed
  left: Some(2)
 right: Some(1)
note: run with `RUST_BACKTRACE=1` environment variable to display a backtrace
test api::tests::notification_snapshot_keeps_entries_and_cursor_in_one_window_during_overflow ... FAILED

failures:

failures:
    api::tests::notification_snapshot_keeps_entries_and_cursor_in_one_window_during_overflow

test result: FAILED. 0 passed; 1 failed; 0 ignored; 0 measured; 110 filtered out; finished in 0.00s

error: test failed, to rerun pass `--lib`
