   Compiling tailsync-core v2.3.1 (/Users/monet/TailSync/TailSync-remediation/shared/rust-core)
    Finished `test` profile [unoptimized + debuginfo] target(s) in 5.63s
     Running unittests src/lib.rs (target/debug/deps/tailsync_core-3d980cc06075d47a)

running 18 tests
test pairing::tests_pending::a_cancellation_cannot_slip_between_the_check_and_the_trust_write ... ok
test pairing::tests_pending::a_cancelled_session_never_writes_trust ... ok
test pairing::tests_pending::a_completed_pairing_promotes_to_trust_and_clears_the_note ... ok
test pairing::tests_pending::a_frozen_legacy_configuration_still_loads_with_its_trust_intact ... ok
test pairing::tests_pending::a_known_pin_conflict_never_advertises_persistence ... FAILED
test pairing::tests_pending::a_link_that_dies_before_the_peer_acknowledges_leaves_a_pending_note_not_trust ... ok
test pairing::tests_pending::a_link_that_dies_before_the_peer_confirms_records_nothing ... ok
test pairing::tests_pending::a_restart_keeps_the_note_and_still_reports_the_device_unpaired ... ok
test pairing::tests_pending::a_session_timeout_after_confirmation_keeps_the_pending_note ... ok
test pairing::tests_pending::an_older_peer_pairing_into_the_new_side_still_completes ... ok
test pairing::tests_pending::committed_pairing_is_terminal_while_transport_close_is_pending ... FAILED
test pairing::tests_pending::failed_pending_writes_preserve_memory_and_future_formats ... FAILED
test pairing::tests_pending::forgetting_a_device_also_drops_its_half_confirmed_note ... ok
test pairing::tests_pending::repeated_confirmation_is_idempotent_and_grants_nothing ... ok
test pairing::tests_pending::revocation_invalidates_a_pending_session_before_a_late_ack ... FAILED
test pairing::tests_pending::the_new_side_pairing_out_to_an_older_peer_still_completes ... ok
test pairing::tests_pending::the_older_peer_concludes_success_only_after_the_new_note_is_durable ... ok
test pairing::tests_pending::the_settings_shape_stays_readable_by_an_older_build ... ok

failures:

---- pairing::tests_pending::a_known_pin_conflict_never_advertises_persistence stdout ----

thread 'pairing::tests_pending::a_known_pin_conflict_never_advertises_persistence' (3594199) panicked at shared/rust-core/src/pairing/tests_pending.rs:149:5:
assertion failed: !completion.is_ok_and(|frame| frame.command == Command::PairingPersisted)
note: run with `RUST_BACKTRACE=1` environment variable to display a backtrace

---- pairing::tests_pending::committed_pairing_is_terminal_while_transport_close_is_pending stdout ----

thread 'pairing::tests_pending::committed_pairing_is_terminal_while_transport_close_is_pending' (3594225) panicked at shared/rust-core/src/pairing/tests_pending.rs:192:5:
assertion `left == right` failed
  left: Finalizing
 right: Paired

---- pairing::tests_pending::failed_pending_writes_preserve_memory_and_future_formats stdout ----

thread 'pairing::tests_pending::failed_pending_writes_preserve_memory_and_future_formats' (3594226) panicked at shared/rust-core/src/pairing/tests_pending.rs:213:5:
assertion `left == right` failed
  left: []
 right: [PendingTrustRecord { hostname: "client", public_key: "key", interface: "lan", address: "192.168.1.2", recorded_at: 1 }]

---- pairing::tests_pending::revocation_invalidates_a_pending_session_before_a_late_ack stdout ----

thread 'pairing::tests_pending::revocation_invalidates_a_pending_session_before_a_late_ack' (3594229) panicked at shared/rust-core/src/pairing/tests_pending.rs:129:5:
assertion failed: !settings.lock().await.trusted_peer_keys.contains_key("client")


failures:
    pairing::tests_pending::a_known_pin_conflict_never_advertises_persistence
    pairing::tests_pending::committed_pairing_is_terminal_while_transport_close_is_pending
    pairing::tests_pending::failed_pending_writes_preserve_memory_and_future_formats
    pairing::tests_pending::revocation_invalidates_a_pending_session_before_a_late_ack

test result: FAILED. 14 passed; 4 failed; 0 ignored; 0 measured; 462 filtered out; finished in 1.29s

error: test failed, to rerun pass `--lib`
