    Blocking waiting for file lock on package cache
    Blocking waiting for file lock on package cache
    Blocking waiting for file lock on package cache
   Compiling tailsync-core v2.3.1 (/Users/monet/TailSync/TailSync-remediation/shared/rust-core)
   Compiling tailsync-runtime v2.3.1 (/Users/monet/TailSync/TailSync-remediation/shared/tailsync-runtime)
   Compiling tailsync v2.3.1 (/Users/monet/TailSync/TailSync-remediation/windows/src-tauri)
warning: variants `Win32` and `InvalidData` are never constructed
  --> src/clipboard_file.rs:10:5
   |
 8 | pub enum ClipboardFileReadError {
   |          ---------------------- variants in this enum
 9 |     Busy { attempts: u32, elapsed_ms: u64 },
10 |     Win32 { code: u32 },
   |     ^^^^^
11 |     InvalidData { code: u32 },
   |     ^^^^^^^^^^^
   |
   = note: `ClipboardFileReadError` has derived impls for the traits `Clone` and `Debug`, but these are intentionally ignored during dead code analysis
   = note: `#[warn(dead_code)]` (part of `#[warn(unused)]`) on by default

warning: `tailsync` (lib test) generated 1 warning
    Finished `test` profile [unoptimized + debuginfo] target(s) in 21.32s
  Executable unittests src/lib.rs (windows/src-tauri/target/debug/deps/tailsync_lib-82e487cf9073eb8d)
